Archive member included to satisfy reference by file (symbol)

/usr/local/mcuxpressoide-10.3.0_2200/ide/plugins/com.nxp.mcuxpresso.tools.linux_10.3.0.201811011841/tools/bin/../lib/gcc/arm-none-eabi/7.3.1/../../../../arm-none-eabi/lib/thumb/v6-m/libcr_c.a(powf.o)
                              ./source/Project3.o (powf)
/usr/local/mcuxpressoide-10.3.0_2200/ide/plugins/com.nxp.mcuxpresso.tools.linux_10.3.0.201811011841/tools/bin/../lib/gcc/arm-none-eabi/7.3.1/../../../../arm-none-eabi/lib/thumb/v6-m/libcr_c.a(memcpy.o)
                              ./drivers/fsl_flash.o (memcpy)
/usr/local/mcuxpressoide-10.3.0_2200/ide/plugins/com.nxp.mcuxpresso.tools.linux_10.3.0.201811011841/tools/bin/../lib/gcc/arm-none-eabi/7.3.1/../../../../arm-none-eabi/lib/thumb/v6-m/libcr_c.a(memset.o)
                              ./drivers/fsl_dma.o (memset)
/usr/local/mcuxpressoide-10.3.0_2200/ide/plugins/com.nxp.mcuxpresso.tools.linux_10.3.0.201811011841/tools/bin/../lib/gcc/arm-none-eabi/7.3.1/../../../../arm-none-eabi/lib/thumb/v6-m/libcr_c.a(errno.o)
                              /usr/local/mcuxpressoide-10.3.0_2200/ide/plugins/com.nxp.mcuxpresso.tools.linux_10.3.0.201811011841/tools/bin/../lib/gcc/arm-none-eabi/7.3.1/../../../../arm-none-eabi/lib/thumb/v6-m/libcr_c.a(powf.o) (errno)
/usr/local/mcuxpressoide-10.3.0_2200/ide/plugins/com.nxp.mcuxpresso.tools.linux_10.3.0.201811011841/tools/bin/../lib/gcc/arm-none-eabi/7.3.1/../../../../arm-none-eabi/lib/thumb/v6-m/libcr_c.a(strlen.o)
                              ./utilities/fsl_debug_console.o (strlen)
/usr/local/mcuxpressoide-10.3.0_2200/ide/plugins/com.nxp.mcuxpresso.tools.linux_10.3.0.201811011841/tools/bin/../lib/gcc/arm-none-eabi/7.3.1/../../../../arm-none-eabi/lib/thumb/v6-m/libcr_c.a(frexpf.o)
                              /usr/local/mcuxpressoide-10.3.0_2200/ide/plugins/com.nxp.mcuxpresso.tools.linux_10.3.0.201811011841/tools/bin/../lib/gcc/arm-none-eabi/7.3.1/../../../../arm-none-eabi/lib/thumb/v6-m/libcr_c.a(powf.o) (frexpf)
/usr/local/mcuxpressoide-10.3.0_2200/ide/plugins/com.nxp.mcuxpresso.tools.linux_10.3.0.201811011841/tools/bin/../lib/gcc/arm-none-eabi/7.3.1/../../../../arm-none-eabi/lib/thumb/v6-m/libcr_c.a(ldexpf.o)
                              /usr/local/mcuxpressoide-10.3.0_2200/ide/plugins/com.nxp.mcuxpresso.tools.linux_10.3.0.201811011841/tools/bin/../lib/gcc/arm-none-eabi/7.3.1/../../../../arm-none-eabi/lib/thumb/v6-m/libcr_c.a(powf.o) (ldexpf)
/usr/local/mcuxpressoide-10.3.0_2200/ide/plugins/com.nxp.mcuxpresso.tools.linux_10.3.0.201811011841/tools/bin/../lib/gcc/arm-none-eabi/7.3.1/thumb/v6-m/libcr_eabihelpers.a(division_32.o)
                              ./utilities/fsl_debug_console.o (__aeabi_idiv)
/usr/local/mcuxpressoide-10.3.0_2200/ide/plugins/com.nxp.mcuxpresso.tools.linux_10.3.0.201811011841/tools/bin/../lib/gcc/arm-none-eabi/7.3.1/thumb/v6-m/libcr_eabihelpers.a(division_idiv0.o)
                              /usr/local/mcuxpressoide-10.3.0_2200/ide/plugins/com.nxp.mcuxpresso.tools.linux_10.3.0.201811011841/tools/bin/../lib/gcc/arm-none-eabi/7.3.1/thumb/v6-m/libcr_eabihelpers.a(division_32.o) (__aeabi_idiv0)
/usr/local/mcuxpressoide-10.3.0_2200/ide/plugins/com.nxp.mcuxpresso.tools.linux_10.3.0.201811011841/tools/bin/../lib/gcc/arm-none-eabi/7.3.1/thumb/v6-m/libcr_eabihelpers.a(double.o)
                              ./source/Project3.o (__aeabi_dmul)
/usr/local/mcuxpressoide-10.3.0_2200/ide/plugins/com.nxp.mcuxpresso.tools.linux_10.3.0.201811011841/tools/bin/../lib/gcc/arm-none-eabi/7.3.1/thumb/v6-m/libcr_eabihelpers.a(float.o)
                              ./source/Project3.o (__aeabi_fmul)
/usr/local/mcuxpressoide-10.3.0_2200/ide/plugins/com.nxp.mcuxpresso.tools.linux_10.3.0.201811011841/tools/bin/../lib/gcc/arm-none-eabi/7.3.1/thumb/v6-m/libcr_eabihelpers.a(llong.o)
                              /usr/local/mcuxpressoide-10.3.0_2200/ide/plugins/com.nxp.mcuxpresso.tools.linux_10.3.0.201811011841/tools/bin/../lib/gcc/arm-none-eabi/7.3.1/thumb/v6-m/libcr_eabihelpers.a(double.o) (__aeabi_lmul)
/usr/local/mcuxpressoide-10.3.0_2200/ide/plugins/com.nxp.mcuxpresso.tools.linux_10.3.0.201811011841/tools/bin/../lib/gcc/arm-none-eabi/7.3.1/thumb/v6-m/libcr_eabihelpers.a(memcpy.o)
                              /usr/local/mcuxpressoide-10.3.0_2200/ide/plugins/com.nxp.mcuxpresso.tools.linux_10.3.0.201811011841/tools/bin/../lib/gcc/arm-none-eabi/7.3.1/../../../../arm-none-eabi/lib/thumb/v6-m/libcr_c.a(memcpy.o) (__aeabi_memcpy)

Discarded input sections

 .group         0x0000000000000000        0xc ./utilities/fsl_debug_console.o
 .group         0x0000000000000000        0xc ./utilities/fsl_debug_console.o
 .group         0x0000000000000000        0xc ./utilities/fsl_debug_console.o
 .group         0x0000000000000000        0xc ./utilities/fsl_debug_console.o
 .group         0x0000000000000000        0xc ./utilities/fsl_debug_console.o
 .group         0x0000000000000000        0xc ./utilities/fsl_debug_console.o
[...]
Memory Configuration

Name             Origin             Length             Attributes
PROGRAM_FLASH    0x0000000000000000 0x0000000000020000 xr
SRAM             0x000000001ffff000 0x0000000000004000 xrw
*default*        0x0000000000000000 0xffffffffffffffff

Linker script and memory map

LOAD ./utilities/fsl_debug_console.o
LOAD ./startup/startup_mkl25z4.o
LOAD ./source/Project3.o
LOAD ./source/mtb.o
LOAD ./source/semihost_hardfault.o
LOAD ./drivers/fsl_adc16.o
LOAD ./drivers/fsl_clock.o
LOAD ./drivers/fsl_common.o
LOAD ./drivers/fsl_dma.o
LOAD ./drivers/fsl_dmamux.o
LOAD ./drivers/fsl_flash.o
LOAD ./drivers/fsl_gpio.o
LOAD ./drivers/fsl_lpsci.o
LOAD ./drivers/fsl_smc.o
LOAD ./drivers/fsl_uart.o
LOAD ./board/board.o
LOAD ./board/clock_config.o
LOAD ./board/peripherals.o
LOAD ./board/pin_mux.o
LOAD ./CMSIS/system_MKL25Z4.o
START GROUP
LOAD /usr/local/mcuxpressoide-10.3.0_2200/ide/plugins/com.nxp.mcuxpresso.tools.linux_10.3.0.201811011841/tools/bin/../lib/gcc/arm-none-eabi/7.3.1/../../../../arm-none-eabi/lib/thumb/v6-m/libcr_c.a
LOAD /usr/local/mcuxpressoide-10.3.0_2200/ide/plugins/com.nxp.mcuxpresso.tools.linux_10.3.0.201811011841/tools/bin/../lib/gcc/arm-none-eabi/7.3.1/thumb/v6-m/libcr_eabihelpers.a
END GROUP
                0x0000000000000000                __base_PROGRAM_FLASH = 0x0
                0x0000000000000000                __base_Flash = 0x0
                0x0000000000020000                __top_PROGRAM_FLASH = 0x20000
                0x0000000000020000                __top_Flash = 0x20000
                0x000000001ffff000                __base_SRAM = 0x1ffff000
                0x000000001ffff000                __base_RAM = 0x1ffff000
                0x0000000020003000                __top_SRAM = 0x20003000
                0x0000000020003000                __top_RAM = 0x20003000

.text           0x0000000000000000     0x3f98
 FILL mask 0xff
                0x0000000000000000                __vectors_start__ = ABSOLUTE (.)
 *(SORT_BY_ALIGNMENT(.isr_vector))
 .isr_vector    0x0000000000000000       0xc0 ./startup/startup_mkl25z4.o
                0x0000000000000000                __Vectors
                0x0000000000000000                g_pfnVectors
                0x00000000000000c0                . = ALIGN (0x4)
                0x00000000000000c0                __section_table_start = .
                0x00000000000000c0                __data_section_table = .
                0x00000000000000c0        0x4 LONG 0x3f98 LOADADDR (.data)
                0x00000000000000c4        0x4 LONG 0x1ffff080 ADDR (.data)
                0x00000000000000c8        0x4 LONG 0xc SIZEOF (.data)
                0x00000000000000cc                __data_section_table_end = .
                0x00000000000000cc                __bss_section_table = .
                0x00000000000000cc        0x4 LONG 0x1ffff08c ADDR (.bss)
                0x00000000000000d0        0x4 LONG 0x8c0 SIZEOF (.bss)
                0x00000000000000d4                __bss_section_table_end = .
                0x00000000000000d4                __section_table_end = .
 *(SORT_BY_ALIGNMENT(.after_vectors*))
 .after_vectors.reset
                0x00000000000000d4       0x4c ./startup/startup_mkl25z4.o
                0x00000000000000d4                ResetISR
 .after_vectors.init_data
                0x0000000000000120       0x16 ./startup/startup_mkl25z4.o
                0x0000000000000120                data_init
 .after_vectors.init_bss
                0x0000000000000136       0x12 ./startup/startup_mkl25z4.o
                0x0000000000000136                bss_init
 .after_vectors
                0x0000000000000148      0x10c ./startup/startup_mkl25z4.o
                0x0000000000000148                NMI_Handler
                0x000000000000014c                SVC_Handler
                0x000000000000014e                PendSV_Handler
                0x0000000000000150                SysTick_Handler
                0x0000000000000152                PIT_DriverIRQHandler
                0x0000000000000152                Reserved39_DriverIRQHandler
                0x0000000000000152                SPI1_DriverIRQHandler
                0x0000000000000152                LPTMR0_DriverIRQHandler
                0x0000000000000152                TPM2_DriverIRQHandler
                0x0000000000000152                TSI0_DriverIRQHandler
                0x0000000000000152                RTC_Seconds_DriverIRQHandler
                0x0000000000000152                LLWU_DriverIRQHandler
                0x0000000000000152                MCG_DriverIRQHandler
                0x0000000000000152                FTFA_DriverIRQHandler
                0x0000000000000152                IntDefaultHandler
                0x0000000000000152                USB0_DriverIRQHandler
                0x0000000000000152                DAC0_DriverIRQHandler
                0x0000000000000152                LVD_LVW_DriverIRQHandler
                0x0000000000000152                TPM0_DriverIRQHandler
                0x0000000000000152                Reserved20_DriverIRQHandler
                0x0000000000000152                Reserved45_DriverIRQHandler
                0x0000000000000152                PORTA_DriverIRQHandler
                0x0000000000000152                TPM1_DriverIRQHandler
                0x0000000000000152                RTC_DriverIRQHandler
                0x0000000000000152                I2C1_DriverIRQHandler
                0x0000000000000152                SPI0_DriverIRQHandler
                0x0000000000000152                ADC0_DriverIRQHandler
                0x0000000000000152                CMP0_DriverIRQHandler
                0x0000000000000152                PORTD_DriverIRQHandler
                0x0000000000000152                I2C0_DriverIRQHandler
                0x000000000000015c                DMA1_IRQHandler
                0x0000000000000164                DMA2_IRQHandler
                0x000000000000016c                DMA3_IRQHandler
                0x0000000000000174                Reserved20_IRQHandler
                0x000000000000017c                FTFA_IRQHandler
                0x0000000000000184                LVD_LVW_IRQHandler
                0x000000000000018c                LLWU_IRQHandler
                0x0000000000000194                I2C0_IRQHandler
                0x000000000000019c                I2C1_IRQHandler
                0x00000000000001a4                SPI0_IRQHandler
                0x00000000000001ac                SPI1_IRQHandler
                0x00000000000001b4                UART0_IRQHandler
                0x00000000000001bc                UART1_IRQHandler
                0x00000000000001c4                UART2_IRQHandler
                0x00000000000001cc                ADC0_IRQHandler
                0x00000000000001d4                CMP0_IRQHandler
                0x00000000000001dc                TPM0_IRQHandler
                0x00000000000001e4                TPM1_IRQHandler
                0x00000000000001ec                TPM2_IRQHandler
                0x00000000000001f4                RTC_IRQHandler
                0x00000000000001fc                RTC_Seconds_IRQHandler
                0x0000000000000204                PIT_IRQHandler
                0x000000000000020c                Reserved39_IRQHandler
                0x0000000000000214                USB0_IRQHandler
                0x000000000000021c                DAC0_IRQHandler
                0x0000000000000224                TSI0_IRQHandler
                0x000000000000022c                MCG_IRQHandler
                0x0000000000000234                LPTMR0_IRQHandler
                0x000000000000023c                Reserved45_IRQHandler
                0x0000000000000244                PORTA_IRQHandler
                0x000000000000024c                PORTD_IRQHandler
                0x0000000000000400                . = 0x400
 *fill*         0x0000000000000254      0x1ac ff
                0x0000000000000400                PROVIDE (__FLASH_CONFIG_START__ = .)
 *(SORT_BY_ALIGNMENT(.FlashConfig))
 .FlashConfig   0x0000000000000400       0x10 ./startup/startup_mkl25z4.o
                0x0000000000000400                Flash_Config
                0x0000000000000410                PROVIDE (__FLASH_CONFIG_END__ = .)
                0x0000000000000001                ASSERT (! ((__FLASH_CONFIG_START__ == __FLASH_CONFIG_END__)), Linker Flash Config Support Enabled, but no .FlashConfig section provided within application)
 *(SORT_BY_ALIGNMENT(.text*))
 .text.DbgConsole_Init
                0x0000000000000410       0xf4 ./utilities/fsl_debug_console.o
                0x0000000000000410                DbgConsole_Init
 .text.DbgConsole_Printf
                0x0000000000000504       0x44 ./utilities/fsl_debug_console.o
                0x0000000000000504                DbgConsole_Printf
 .text.DbgConsole_Putchar
                0x0000000000000548       0x34 ./utilities/fsl_debug_console.o
                0x0000000000000548                DbgConsole_Putchar
 .text.NVIC_EnableIRQ
                0x000000000000057c       0x2c ./source/Project3.o
 .text.NVIC_DisableIRQ
                0x00000000000005a8       0x30 ./source/Project3.o
 .text.configure_gpio
                0x00000000000005d8       0xa8 ./source/Project3.o
                0x00000000000005d8                configure_gpio
 .text.configure_adc
                0x0000000000000680       0x94 ./source/Project3.o
                0x0000000000000680                configure_adc
 .text.configure_dma
                0x0000000000000714      0x120 ./source/Project3.o
                0x0000000000000714                configure_dma
 .text.DMA0_IRQHandler
                0x0000000000000834       0x70 ./source/Project3.o
                0x0000000000000834                DMA0_IRQHandler
 .text.main     0x00000000000008a4      0x1a4 ./source/Project3.o
                0x00000000000008a4                main
 .text.HardFault_Handler
                0x0000000000000a48       0x30 ./source/semihost_hardfault.o
                0x0000000000000a48                HardFault_Handler
 .text.CLOCK_EnableClock
                0x0000000000000a78       0x34 ./drivers/fsl_adc16.o
 .text.ADC16_GetInstance
                0x0000000000000aac       0x54 ./drivers/fsl_adc16.o
 .text.ADC16_Init
                0x0000000000000b00      0x120 ./drivers/fsl_adc16.o
                0x0000000000000b00                ADC16_Init
 .text.ADC16_SetChannelConfig
                0x0000000000000c20       0x88 ./drivers/fsl_adc16.o
                0x0000000000000c20                ADC16_SetChannelConfig
 .text.CLOCK_SetEr32kClock
                0x0000000000000ca8       0x34 ./drivers/fsl_clock.o
 .text.CLOCK_SetPllFllSelClock
                0x0000000000000cdc       0x38 ./drivers/fsl_clock.o
 .text.CLOCK_GetMcgExtClkFreq
                0x0000000000000d14       0x34 ./drivers/fsl_clock.o
 .text.CLOCK_GetFllExtRefClkFreq
                0x0000000000000d48       0xa4 ./drivers/fsl_clock.o
 .text.CLOCK_GetFllRefClkFreq
                0x0000000000000dec       0x2c ./drivers/fsl_clock.o
 .text.CLOCK_GetOscRangeFromFreq
                0x0000000000000e18       0x4c ./drivers/fsl_clock.o
 .text.CLOCK_GetPllFllSelClkFreq
                0x0000000000000e64       0x4c ./drivers/fsl_clock.o
                0x0000000000000e64                CLOCK_GetPllFllSelClkFreq
 .text.CLOCK_SetSimConfig
                0x0000000000000eb0       0x38 ./drivers/fsl_clock.o
                0x0000000000000eb0                CLOCK_SetSimConfig
 .text.CLOCK_GetFllFreq
                0x0000000000000ee8       0x84 ./drivers/fsl_clock.o
                0x0000000000000ee8                CLOCK_GetFllFreq
 .text.CLOCK_GetPll0Freq
                0x0000000000000f6c       0x80 ./drivers/fsl_clock.o
                0x0000000000000f6c                CLOCK_GetPll0Freq
 .text.CLOCK_SetInternalRefClkConfig
                0x0000000000000fec      0x128 ./drivers/fsl_clock.o
                0x0000000000000fec                CLOCK_SetInternalRefClkConfig
 .text.CLOCK_EnablePll0
                0x0000000000001114       0xa0 ./drivers/fsl_clock.o
                0x0000000000001114                CLOCK_EnablePll0
 .text.CLOCK_InitOsc0
                0x00000000000011b4       0x94 ./drivers/fsl_clock.o
                0x00000000000011b4                CLOCK_InitOsc0
 .text.CLOCK_SetPbeMode
                0x0000000000001248       0xc0 ./drivers/fsl_clock.o
                0x0000000000001248                CLOCK_SetPbeMode
 .text.CLOCK_BootToPeeMode
                0x0000000000001308       0x80 ./drivers/fsl_clock.o
                0x0000000000001308                CLOCK_BootToPeeMode
 .text.__assert_func
                0x0000000000001388       0x28 ./drivers/fsl_common.o
                0x0000000000001388                __assert_func
 .text.CLOCK_EnableClock
                0x00000000000013b0       0x34 ./drivers/fsl_dma.o
 .text.DMA_ClearChannelStatusFlags
                0x00000000000013e4       0x64 ./drivers/fsl_dma.o
 .text.DMA_GetInstance
                0x0000000000001448       0x54 ./drivers/fsl_dma.o
 .text.DMA_Init
                0x000000000000149c       0x24 ./drivers/fsl_dma.o
                0x000000000000149c                DMA_Init
 .text.DMA_ResetChannel
                0x00000000000014c0       0x9c ./drivers/fsl_dma.o
                0x00000000000014c0                DMA_ResetChannel
 .text.DMA_SetTransferConfig
                0x000000000000155c       0xec ./drivers/fsl_dma.o
                0x000000000000155c                DMA_SetTransferConfig
 .text.DMA_HandleIRQ
                0x0000000000001648       0x60 ./drivers/fsl_dma.o
                0x0000000000001648                DMA_HandleIRQ
 .text.DMA0_DriverIRQHandler
                0x00000000000016a8       0x18 ./drivers/fsl_dma.o
                0x00000000000016a8                DMA0_DriverIRQHandler
 .text.DMA1_DriverIRQHandler
                0x00000000000016c0       0x18 ./drivers/fsl_dma.o
                0x00000000000016c0                DMA1_DriverIRQHandler
 .text.DMA2_DriverIRQHandler
                0x00000000000016d8       0x18 ./drivers/fsl_dma.o
                0x00000000000016d8                DMA2_DriverIRQHandler
 .text.DMA3_DriverIRQHandler
                0x00000000000016f0       0x18 ./drivers/fsl_dma.o
                0x00000000000016f0                DMA3_DriverIRQHandler
 .text.CLOCK_EnableClock
                0x0000000000001708       0x34 ./drivers/fsl_lpsci.o
 .text.LPSCI_GetInstance
                0x000000000000173c       0x54 ./drivers/fsl_lpsci.o
                0x000000000000173c                LPSCI_GetInstance
 .text.LPSCI_Init
                0x0000000000001790      0x270 ./drivers/fsl_lpsci.o
                0x0000000000001790                LPSCI_Init
 .text.LPSCI_GetDefaultConfig
                0x0000000000001a00       0x54 ./drivers/fsl_lpsci.o
                0x0000000000001a00                LPSCI_GetDefaultConfig
 .text.LPSCI_ClearStatusFlags
                0x0000000000001a54       0x94 ./drivers/fsl_lpsci.o
                0x0000000000001a54                LPSCI_ClearStatusFlags
 .text.LPSCI_WriteBlocking
                0x0000000000001ae8       0x5c ./drivers/fsl_lpsci.o
                0x0000000000001ae8                LPSCI_WriteBlocking
 .text.LPSCI_ReadBlocking
                0x0000000000001b44       0xd0 ./drivers/fsl_lpsci.o
                0x0000000000001b44                LPSCI_ReadBlocking
 .text.UART0_DriverIRQHandler
                0x0000000000001c14       0x24 ./drivers/fsl_lpsci.o
                0x0000000000001c14                UART0_DriverIRQHandler
 .text.CLOCK_EnableClock
                0x0000000000001c38       0x34 ./drivers/fsl_uart.o
 .text.UART_GetInstance
                0x0000000000001c6c       0x60 ./drivers/fsl_uart.o
                0x0000000000001c6c                UART_GetInstance
 .text.UART_Init
                0x0000000000001ccc      0x1f8 ./drivers/fsl_uart.o
                0x0000000000001ccc                UART_Init
 .text.UART_GetDefaultConfig
                0x0000000000001ec4       0x54 ./drivers/fsl_uart.o
                0x0000000000001ec4                UART_GetDefaultConfig
 .text.UART_ReadBlocking
                0x0000000000001f18       0xa8 ./drivers/fsl_uart.o
                0x0000000000001f18                UART_ReadBlocking
 .text.UART1_DriverIRQHandler
                0x0000000000001fc0       0x24 ./drivers/fsl_uart.o
                0x0000000000001fc0                UART1_DriverIRQHandler
 .text.UART2_DriverIRQHandler
                0x0000000000001fe4       0x24 ./drivers/fsl_uart.o
                0x0000000000001fe4                UART2_DriverIRQHandler
 .text.CLOCK_SetLpsci0Clock
                0x0000000000002008       0x38 ./board/board.o
 .text.BOARD_InitDebugConsole
                0x0000000000002040       0x30 ./board/board.o
                0x0000000000002040                BOARD_InitDebugConsole
 .text.CLOCK_SetSimSafeDivs
                0x0000000000002070       0x20 ./board/clock_config.o
 .text.CLOCK_SetXtal0Freq
                0x0000000000002090       0x1c ./board/clock_config.o
 .text.CLOCK_CONFIG_SetFllExtRefDiv
                0x00000000000020ac       0x3c ./board/clock_config.o
 .text.BOARD_BootClockRUN
                0x00000000000020e8       0x64 ./board/clock_config.o
                0x00000000000020e8                BOARD_BootClockRUN
 .text.CLOCK_EnableClock
                0x000000000000214c       0x34 ./board/pin_mux.o
 .text.PORT_SetPinMux
                0x0000000000002180       0x40 ./board/pin_mux.o
 .text.BOARD_InitPins
                0x00000000000021c0       0x4c ./board/pin_mux.o
                0x00000000000021c0                BOARD_InitPins
 .text.SystemInit
                0x000000000000220c       0x18 ./CMSIS/system_MKL25Z4.o
                0x000000000000220c                SystemInit
 .text.powf     0x0000000000002224      0x2ec /usr/local/mcuxpressoide-10.3.0_2200/ide/plugins/com.nxp.mcuxpresso.tools.linux_10.3.0.201811011841/tools/bin/../lib/gcc/arm-none-eabi/7.3.1/../../../../arm-none-eabi/lib/thumb/v6-m/libcr_c.a(powf.o)
                0x0000000000002224                powf
 .text.strlen   0x0000000000002510       0x58 /usr/local/mcuxpressoide-10.3.0_2200/ide/plugins/com.nxp.mcuxpresso.tools.linux_10.3.0.201811011841/tools/bin/../lib/gcc/arm-none-eabi/7.3.1/../../../../arm-none-eabi/lib/thumb/v6-m/libcr_c.a(strlen.o)
                0x0000000000002510                strlen
 .text.frexpf   0x0000000000002568       0x58 /usr/local/mcuxpressoide-10.3.0_2200/ide/plugins/com.nxp.mcuxpresso.tools.linux_10.3.0.201811011841/tools/bin/../lib/gcc/arm-none-eabi/7.3.1/../../../../arm-none-eabi/lib/thumb/v6-m/libcr_c.a(frexpf.o)
                0x0000000000002568                frexpf
 .text.ldexpf   0x00000000000025c0       0x44 /usr/local/mcuxpressoide-10.3.0_2200/ide/plugins/com.nxp.mcuxpresso.tools.linux_10.3.0.201811011841/tools/bin/../lib/gcc/arm-none-eabi/7.3.1/../../../../arm-none-eabi/lib/thumb/v6-m/libcr_c.a(ldexpf.o)
                0x00000000000025c0                ldexpf
 .text.__aeabi_dmul
                0x0000000000002604      0x184 /usr/local/mcuxpressoide-10.3.0_2200/ide/plugins/com.nxp.mcuxpresso.tools.linux_10.3.0.201811011841/tools/bin/../lib/gcc/arm-none-eabi/7.3.1/thumb/v6-m/libcr_eabihelpers.a(double.o)
                0x0000000000002604                __aeabi_dmul
 .text.__aeabi_dsub
                0x0000000000002788      0x1bc /usr/local/mcuxpressoide-10.3.0_2200/ide/plugins/com.nxp.mcuxpresso.tools.linux_10.3.0.201811011841/tools/bin/../lib/gcc/arm-none-eabi/7.3.1/thumb/v6-m/libcr_eabihelpers.a(double.o)
                0x0000000000002788                __aeabi_dsub
 .text.__aeabi_dadd
                0x0000000000002944      0x128 /usr/local/mcuxpressoide-10.3.0_2200/ide/plugins/com.nxp.mcuxpresso.tools.linux_10.3.0.201811011841/tools/bin/../lib/gcc/arm-none-eabi/7.3.1/thumb/v6-m/libcr_eabihelpers.a(double.o)
                0x0000000000002944                __aeabi_dadd
 .text.__aeabi_d2f
                0x0000000000002a6c       0x60 /usr/local/mcuxpressoide-10.3.0_2200/ide/plugins/com.nxp.mcuxpresso.tools.linux_10.3.0.201811011841/tools/bin/../lib/gcc/arm-none-eabi/7.3.1/thumb/v6-m/libcr_eabihelpers.a(double.o)
                0x0000000000002a6c                __aeabi_d2f
 .text.__aeabi_d2iz
                0x0000000000002acc       0x44 /usr/local/mcuxpressoide-10.3.0_2200/ide/plugins/com.nxp.mcuxpresso.tools.linux_10.3.0.201811011841/tools/bin/../lib/gcc/arm-none-eabi/7.3.1/thumb/v6-m/libcr_eabihelpers.a(double.o)
                0x0000000000002acc                __aeabi_d2iz
 .text.__aeabi_d2uiz
                0x0000000000002b10       0x34 /usr/local/mcuxpressoide-10.3.0_2200/ide/plugins/com.nxp.mcuxpresso.tools.linux_10.3.0.201811011841/tools/bin/../lib/gcc/arm-none-eabi/7.3.1/thumb/v6-m/libcr_eabihelpers.a(double.o)
                0x0000000000002b10                __aeabi_d2uiz
 .text.__aeabi_dcmple
                0x0000000000002b44       0x5c /usr/local/mcuxpressoide-10.3.0_2200/ide/plugins/com.nxp.mcuxpresso.tools.linux_10.3.0.201811011841/tools/bin/../lib/gcc/arm-none-eabi/7.3.1/thumb/v6-m/libcr_eabihelpers.a(double.o)
                0x0000000000002b44                __aeabi_dcmple
 .text.__aeabi_dcmpge
                0x0000000000002ba0       0x60 /usr/local/mcuxpressoide-10.3.0_2200/ide/plugins/com.nxp.mcuxpresso.tools.linux_10.3.0.201811011841/tools/bin/../lib/gcc/arm-none-eabi/7.3.1/thumb/v6-m/libcr_eabihelpers.a(double.o)
                0x0000000000002ba0                __aeabi_dcmpge
 .text.__aeabi_fmul
                0x0000000000002c00       0xc4 /usr/local/mcuxpressoide-10.3.0_2200/ide/plugins/com.nxp.mcuxpresso.tools.linux_10.3.0.201811011841/tools/bin/../lib/gcc/arm-none-eabi/7.3.1/thumb/v6-m/libcr_eabihelpers.a(float.o)
                0x0000000000002c00                __aeabi_fmul
 .text.__aeabi_fdiv
                0x0000000000002cc4       0xdc /usr/local/mcuxpressoide-10.3.0_2200/ide/plugins/com.nxp.mcuxpresso.tools.linux_10.3.0.201811011841/tools/bin/../lib/gcc/arm-none-eabi/7.3.1/thumb/v6-m/libcr_eabihelpers.a(float.o)
                0x0000000000002cc4                __aeabi_fdiv
 .text.__aeabi_fsub
                0x0000000000002da0      0x130 /usr/local/mcuxpressoide-10.3.0_2200/ide/plugins/com.nxp.mcuxpresso.tools.linux_10.3.0.201811011841/tools/bin/../lib/gcc/arm-none-eabi/7.3.1/thumb/v6-m/libcr_eabihelpers.a(float.o)
                0x0000000000002da0                __aeabi_fsub
 .text.__aeabi_fadd
                0x0000000000002ed0       0xb0 /usr/local/mcuxpressoide-10.3.0_2200/ide/plugins/com.nxp.mcuxpresso.tools.linux_10.3.0.201811011841/tools/bin/../lib/gcc/arm-none-eabi/7.3.1/thumb/v6-m/libcr_eabihelpers.a(float.o)
                0x0000000000002ed0                __aeabi_fadd
 .text.__aeabi_f2iz
                0x0000000000002f80       0x3c /usr/local/mcuxpressoide-10.3.0_2200/ide/plugins/com.nxp.mcuxpresso.tools.linux_10.3.0.201811011841/tools/bin/../lib/gcc/arm-none-eabi/7.3.1/thumb/v6-m/libcr_eabihelpers.a(float.o)
                0x0000000000002f80                __aeabi_f2iz
 .text.__aeabi_f2d
                0x0000000000002fbc       0x3c /usr/local/mcuxpressoide-10.3.0_2200/ide/plugins/com.nxp.mcuxpresso.tools.linux_10.3.0.201811011841/tools/bin/../lib/gcc/arm-none-eabi/7.3.1/thumb/v6-m/libcr_eabihelpers.a(float.o)
                0x0000000000002fbc                __aeabi_f2d
 .text.UART_EnableTx
                0x0000000000002ff8       0x40 ./utilities/fsl_debug_console.o
 .text.UART_EnableRx
                0x0000000000003038       0x40 ./utilities/fsl_debug_console.o
 .text.LPSCI_EnableTx
                0x0000000000003078       0x40 ./utilities/fsl_debug_console.o
 .text.LPSCI_EnableRx
                0x00000000000030b8       0x40 ./utilities/fsl_debug_console.o
 .text.DbgConsole_PrintfPaddingCharacter
                0x00000000000030f8       0x46 ./utilities/fsl_debug_console.o
 .text.DbgConsole_ConvertRadixNumToString
                0x000000000000313e      0x114 ./utilities/fsl_debug_console.o
 .text.DbgConsole_PrintfFormattedData
                0x0000000000003252      0x32c ./utilities/fsl_debug_console.o
 .text.OSC_SetExtRefClkConfig
                0x000000000000357e       0x3e ./drivers/fsl_clock.o
 .text.OSC_SetCapLoad
                0x00000000000035bc       0x42 ./drivers/fsl_clock.o
 .text.CLOCK_GetPll0RefFreq
                0x00000000000035fe       0x10 ./drivers/fsl_clock.o
 .text.CLOCK_SetExternalRefClkConfig
                0x000000000000360e       0x16 ./drivers/fsl_clock.o
                0x000000000000360e                CLOCK_SetExternalRefClkConfig
 .text.LPSCI_GetStatusFlags
                0x0000000000003624       0x26 ./drivers/fsl_lpsci.o
                0x0000000000003624                LPSCI_GetStatusFlags
 .text.UART_GetStatusFlags
                0x000000000000364a       0x26 ./drivers/fsl_uart.o
                0x000000000000364a                UART_GetStatusFlags
 .text.UART_WriteBlocking
                0x0000000000003670       0x3a ./drivers/fsl_uart.o
                0x0000000000003670                UART_WriteBlocking
 .text.BOARD_InitBootClocks
                0x00000000000036aa        0xe ./board/clock_config.o
                0x00000000000036aa                BOARD_InitBootClocks
 .text.BOARD_InitBootPeripherals
                0x00000000000036b8        0xa ./board/peripherals.o
                0x00000000000036b8                BOARD_InitBootPeripherals
 .text.BOARD_InitBootPins
                0x00000000000036c2        0xe ./board/pin_mux.o
                0x00000000000036c2                BOARD_InitBootPins
 .text.__aeabi_division_idivmod
                0x00000000000036d0       0x78 /usr/local/mcuxpressoide-10.3.0_2200/ide/plugins/com.nxp.mcuxpresso.tools.linux_10.3.0.201811011841/tools/bin/../lib/gcc/arm-none-eabi/7.3.1/thumb/v6-m/libcr_eabihelpers.a(division_32.o)
                0x00000000000036d0                __aeabi_idiv
                0x00000000000036d0                __aeabi_idivmod
                0x00000000000036d6                __aeabi_uidiv
                0x00000000000036d6                __aeabi_uidivmod
 .text.__aeabi_division_idiv0
                0x0000000000003748        0x2 /usr/local/mcuxpressoide-10.3.0_2200/ide/plugins/com.nxp.mcuxpresso.tools.linux_10.3.0.201811011841/tools/bin/../lib/gcc/arm-none-eabi/7.3.1/thumb/v6-m/libcr_eabihelpers.a(division_idiv0.o)
                0x0000000000003748                __aeabi_idiv0
 .text.__bhs_ui2d
                0x000000000000374a       0x5e /usr/local/mcuxpressoide-10.3.0_2200/ide/plugins/com.nxp.mcuxpresso.tools.linux_10.3.0.201811011841/tools/bin/../lib/gcc/arm-none-eabi/7.3.1/thumb/v6-m/libcr_eabihelpers.a(double.o)
                0x000000000000374a                __bhs_ui2d
 .text.__aeabi_ui2d
                0x00000000000037a8        0xc /usr/local/mcuxpressoide-10.3.0_2200/ide/plugins/com.nxp.mcuxpresso.tools.linux_10.3.0.201811011841/tools/bin/../lib/gcc/arm-none-eabi/7.3.1/thumb/v6-m/libcr_eabihelpers.a(double.o)
                0x00000000000037a8                __aeabi_ui2d
 .text.__bhs_ui2f
                0x00000000000037b4       0x62 /usr/local/mcuxpressoide-10.3.0_2200/ide/plugins/com.nxp.mcuxpresso.tools.linux_10.3.0.201811011841/tools/bin/../lib/gcc/arm-none-eabi/7.3.1/thumb/v6-m/libcr_eabihelpers.a(float.o)
                0x00000000000037b4                __bhs_ui2f
 .text.__aeabi_i2f
                0x0000000000003816       0x18 /usr/local/mcuxpressoide-10.3.0_2200/ide/plugins/com.nxp.mcuxpresso.tools.linux_10.3.0.201811011841/tools/bin/../lib/gcc/arm-none-eabi/7.3.1/thumb/v6-m/libcr_eabihelpers.a(float.o)
                0x0000000000003816                __aeabi_i2f
 .text.__aeabi_fcmpeq
                0x000000000000382e       0x20 /usr/local/mcuxpressoide-10.3.0_2200/ide/plugins/com.nxp.mcuxpresso.tools.linux_10.3.0.201811011841/tools/bin/../lib/gcc/arm-none-eabi/7.3.1/thumb/v6-m/libcr_eabihelpers.a(float.o)
                0x000000000000382e                __aeabi_fcmpeq
 .text.__aeabi_fcmplt
                0x000000000000384e       0x44 /usr/local/mcuxpressoide-10.3.0_2200/ide/plugins/com.nxp.mcuxpresso.tools.linux_10.3.0.201811011841/tools/bin/../lib/gcc/arm-none-eabi/7.3.1/thumb/v6-m/libcr_eabihelpers.a(float.o)
                0x000000000000384e                __aeabi_fcmplt
 .text.__aeabi_fcmple
                0x0000000000003892       0x40 /usr/local/mcuxpressoide-10.3.0_2200/ide/plugins/com.nxp.mcuxpresso.tools.linux_10.3.0.201811011841/tools/bin/../lib/gcc/arm-none-eabi/7.3.1/thumb/v6-m/libcr_eabihelpers.a(float.o)
                0x0000000000003892                __aeabi_fcmple
 .text.__aeabi_llong_lmul
                0x00000000000038d2       0x2e /usr/local/mcuxpressoide-10.3.0_2200/ide/plugins/com.nxp.mcuxpresso.tools.linux_10.3.0.201811011841/tools/bin/../lib/gcc/arm-none-eabi/7.3.1/thumb/v6-m/libcr_eabihelpers.a(llong.o)
                0x00000000000038d2                __aeabi_lmul
 *(SORT_BY_ALIGNMENT(.rodata) SORT_BY_ALIGNMENT(.rodata.*) SORT_BY_ALIGNMENT(.constdata) SORT_BY_ALIGNMENT(.constdata.*))
 .rodata.a1.3930
                0x0000000000003900       0x88 /usr/local/mcuxpressoide-10.3.0_2200/ide/plugins/com.nxp.mcuxpresso.tools.linux_10.3.0.201811011841/tools/bin/../lib/gcc/arm-none-eabi/7.3.1/../../../../arm-none-eabi/lib/thumb/v6-m/libcr_c.a(powf.o)
 .rodata        0x0000000000003988       0x59 ./source/Project3.o
 *fill*         0x00000000000039e1        0x3 ff
 .rodata        0x00000000000039e4       0x69 ./drivers/fsl_adc16.o
 *fill*         0x0000000000003a4d        0x3 ff
 .rodata.__func__.5392
                0x0000000000003a50       0x12 ./drivers/fsl_adc16.o
 *fill*         0x0000000000003a62        0x2 ff
 .rodata.__func__.5397
                0x0000000000003a64        0xb ./drivers/fsl_adc16.o
 *fill*         0x0000000000003a6f        0x1 ff
 .rodata.__func__.5448
                0x0000000000003a70       0x17 ./drivers/fsl_adc16.o
 *fill*         0x0000000000003a87        0x1 ff
 .rodata        0x0000000000003a88       0x47 ./drivers/fsl_clock.o
 *fill*         0x0000000000003acf        0x1 ff
 .rodata.__func__.5287
                0x0000000000003ad0       0x17 ./drivers/fsl_clock.o
 *fill*         0x0000000000003ae7        0x1 ff
 .rodata.fllFactorTable.5393
                0x0000000000003ae8       0x10 ./drivers/fsl_clock.o
 .rodata.__func__.5408
                0x0000000000003af8       0x12 ./drivers/fsl_clock.o
 *fill*         0x0000000000003b0a        0x2 ff
 .rodata.__func__.5448
                0x0000000000003b0c       0x11 ./drivers/fsl_clock.o
 *fill*         0x0000000000003b1d        0x3 ff
 .rodata.__func__.5585
                0x0000000000003b20       0x11 ./drivers/fsl_clock.o
 *fill*         0x0000000000003b31        0x3 ff
 .rodata.__func__.5652
                0x0000000000003b34       0x14 ./drivers/fsl_clock.o
 .rodata        0x0000000000003b48       0x3e ./drivers/fsl_common.o
 *fill*         0x0000000000003b86        0x2 ff
 .rodata        0x0000000000003b88      0x168 ./drivers/fsl_dma.o
 .rodata.__func__.5466
                0x0000000000003cf0       0x10 ./drivers/fsl_dma.o
 .rodata.__func__.5477
                0x0000000000003d00       0x11 ./drivers/fsl_dma.o
 *fill*         0x0000000000003d11        0x3 ff
 .rodata.__func__.5483
                0x0000000000003d14       0x16 ./drivers/fsl_dma.o
 *fill*         0x0000000000003d2a        0x2 ff
 .rodata.__func__.5552
                0x0000000000003d2c        0xe ./drivers/fsl_dma.o
 *fill*         0x0000000000003d3a        0x2 ff
 .rodata.__func__.5420
                0x0000000000003d3c       0x1c ./drivers/fsl_dma.o
 .rodata        0x0000000000003d58       0xb2 ./drivers/fsl_lpsci.o
 *fill*         0x0000000000003e0a        0x2 ff
 .rodata.__func__.5468
                0x0000000000003e0c       0x12 ./drivers/fsl_lpsci.o
 *fill*         0x0000000000003e1e        0x2 ff
 .rodata.__func__.5504
                0x0000000000003e20        0xb ./drivers/fsl_lpsci.o
 *fill*         0x0000000000003e2b        0x1 ff
 .rodata.__func__.5525
                0x0000000000003e2c       0x17 ./drivers/fsl_lpsci.o
 *fill*         0x0000000000003e43        0x1 ff
 .rodata.__func__.5570
                0x0000000000003e44       0x14 ./drivers/fsl_lpsci.o
 .rodata.__func__.5582
                0x0000000000003e58       0x13 ./drivers/fsl_lpsci.o
 *fill*         0x0000000000003e6b        0x1 ff
 .rodata.s_uartBases
                0x0000000000003e6c        0xc ./drivers/fsl_uart.o
 .rodata.s_uartClock
                0x0000000000003e78        0xc ./drivers/fsl_uart.o
 .rodata        0x0000000000003e84       0xaa ./drivers/fsl_uart.o
 *fill*         0x0000000000003f2e        0x2 ff
 .rodata.__func__.5471
                0x0000000000003f30       0x11 ./drivers/fsl_uart.o
 *fill*         0x0000000000003f41        0x3 ff
 .rodata.__func__.5487
                0x0000000000003f44        0xa ./drivers/fsl_uart.o
 *fill*         0x0000000000003f4e        0x2 ff
 .rodata.__func__.5500
                0x0000000000003f50       0x16 ./drivers/fsl_uart.o
 *fill*         0x0000000000003f66        0x2 ff
 .rodata.__func__.5558
                0x0000000000003f68       0x12 ./drivers/fsl_uart.o
 *fill*         0x0000000000003f7a        0x2 ff
 .rodata.mcgConfig_BOARD_BootClockRUN
                0x0000000000003f7c        0xa ./board/clock_config.o
                0x0000000000003f7c                mcgConfig_BOARD_BootClockRUN
 *fill*         0x0000000000003f86        0x2 ff
 .rodata.simConfig_BOARD_BootClockRUN
                0x0000000000003f88        0x8 ./board/clock_config.o
                0x0000000000003f88                simConfig_BOARD_BootClockRUN
 .rodata.oscConfig_BOARD_BootClockRUN
                0x0000000000003f90        0x8 ./board/clock_config.o
                0x0000000000003f90                oscConfig_BOARD_BootClockRUN
                0x0000000000003f98                . = ALIGN (0x4)

.glue_7         0x0000000000003f98        0x0
 .glue_7        0x0000000000003f98        0x0 linker stubs

.glue_7t        0x0000000000003f98        0x0
 .glue_7t       0x0000000000003f98        0x0 linker stubs

.vfp11_veneer   0x0000000000003f98        0x0
 .vfp11_veneer  0x0000000000003f98        0x0 linker stubs

.v4_bx          0x0000000000003f98        0x0
 .v4_bx         0x0000000000003f98        0x0 linker stubs

.iplt           0x0000000000003f98        0x0
 .iplt          0x0000000000003f98        0x0 ./utilities/fsl_debug_console.o

.rel.dyn        0x0000000000003f98        0x0
 .rel.iplt      0x0000000000003f98        0x0 ./utilities/fsl_debug_console.o

.ARM.extab
 *(SORT_BY_ALIGNMENT(.ARM.extab*) SORT_BY_ALIGNMENT(.gnu.linkonce.armextab.*))
                0x0000000000003f98                __exidx_start = .

.ARM.exidx
 *(SORT_BY_ALIGNMENT(.ARM.exidx*) SORT_BY_ALIGNMENT(.gnu.linkonce.armexidx.*))
                0x0000000000003f98                __exidx_end = .
                0x0000000000003f98                _etext = .

.m_usb_data
 *(SORT_BY_ALIGNMENT(m_usb_bdt))

.mtb_buffer_default
                0x000000001ffff000       0x80
 *(SORT_BY_ALIGNMENT(.mtb*))
 .mtb.$RAM1     0x000000001ffff000       0x80 ./source/mtb.o
                0x000000001ffff000                __mtb_buffer__

.uninit_RESERVED
                0x000000001ffff080        0x0
 *(SORT_BY_ALIGNMENT(.bss.$RESERVED*))
                0x000000001ffff080                . = ALIGN (0x4)
                0x000000001ffff080                _end_uninit_RESERVED = .

.data           0x000000001ffff080        0xc load address 0x0000000000003f98
 FILL mask 0xff
                0x000000001ffff080                _data = .
 *(SORT_BY_ALIGNMENT(vtable))
 *(SORT_BY_ALIGNMENT(.ramfunc*))
 *(SORT_BY_ALIGNMENT(.data*))
 .data.buffer_ptr
                0x000000001ffff080        0x4 ./source/Project3.o
                0x000000001ffff080                buffer_ptr
 .data.s_slowIrcFreq
                0x000000001ffff084        0x4 ./drivers/fsl_clock.o
 .data.SystemCoreClock
                0x000000001ffff088        0x4 ./CMSIS/system_MKL25Z4.o
                0x000000001ffff088                SystemCoreClock
                0x000000001ffff08c                . = ALIGN (0x4)
                0x000000001ffff08c                _edata = .

.igot.plt       0x000000001ffff08c        0x0 load address 0x0000000000003fa4
 .igot.plt      0x000000001ffff08c        0x0 ./utilities/fsl_debug_console.o

.bss            0x000000001ffff08c      0x8c0 load address 0x0000000000003fa4
                0x000000001ffff08c                _bss = .
 *(SORT_BY_ALIGNMENT(.bss*))
 .bss.s_debugConsole
                0x000000001ffff08c       0x10 ./utilities/fsl_debug_console.o
 .bss.buffer    0x000000001ffff09c      0x400 ./source/Project3.o
                0x000000001ffff09c                buffer
 .bss.reading   0x000000001ffff49c      0x400 ./source/Project3.o
                0x000000001ffff49c                reading
 .bss.lookup    0x000000001ffff89c       0x78 ./source/Project3.o
                0x000000001ffff89c                lookup
 .bss.half_full
                0x000000001ffff914        0x4 ./source/Project3.o
                0x000000001ffff914                half_full
 .bss.j         0x000000001ffff918        0x4 ./source/Project3.o
                0x000000001ffff918                j
 .bss.g_xtal0Freq
                0x000000001ffff91c        0x4 ./drivers/fsl_clock.o
                0x000000001ffff91c                g_xtal0Freq
 .bss.s_DMAHandle
                0x000000001ffff920       0x10 ./drivers/fsl_dma.o
 .bss.s_lpsciHandle
                0x000000001ffff930        0x4 ./drivers/fsl_lpsci.o
 .bss.s_lpsciIsr
                0x000000001ffff934        0x4 ./drivers/fsl_lpsci.o
 .bss.s_uartHandle
                0x000000001ffff938        0xc ./drivers/fsl_uart.o
 .bss.s_uartIsr
                0x000000001ffff944        0x4 ./drivers/fsl_uart.o
 .bss.errno     0x000000001ffff948        0x4 /usr/local/mcuxpressoide-10.3.0_2200/ide/plugins/com.nxp.mcuxpresso.tools.linux_10.3.0.201811011841/tools/bin/../lib/gcc/arm-none-eabi/7.3.1/../../../../arm-none-eabi/lib/thumb/v6-m/libcr_c.a(errno.o)
                0x000000001ffff948                errno
 *(SORT_BY_ALIGNMENT(COMMON))
                0x000000001ffff94c                . = ALIGN (0x4)
                0x000000001ffff94c                _ebss = .
                [!provide]                        PROVIDE (end = .)

.noinit         0x000000001ffff94c        0x0 load address 0x0000000000003fa4
                0x000000001ffff94c                _noinit = .
 *(SORT_BY_ALIGNMENT(.noinit*))
                0x000000001ffff94c                . = ALIGN (0x4)
                0x000000001ffff94c                _end_noinit = .
                0x0000000000000400                _HeapSize = 0x400

.heap           0x000000001ffff94c      0x400 load address 0x0000000000003fa4
                0x000000001ffff94c                _pvHeapStart = .
                0x000000001ffffd4c                . = (. + _HeapSize)
 *fill*         0x000000001ffff94c      0x400 
                0x000000001ffffd4c                . = ALIGN (0x4)
                0x000000001ffffd4c                _pvHeapLimit = .
                0x0000000000000400                _StackSize = 0x400

.heap2stackfill
                0x000000001ffffd4c      0x400 load address 0x0000000000003fa4
                0x000000002000014c                . = (. + _StackSize)
 *fill*         0x000000001ffffd4c      0x400 

.stack          0x0000000020002c00        0x0
                0x0000000020002c00                _vStackBase = .
                0x0000000020002c00                . = ALIGN (0x4)
                0x0000000020003000                _vStackTop = (. + _StackSize)
                0x0000000000000000                _image_start = LOADADDR (.text)
                0x0000000000003fa4                _image_end = (LOADADDR (.data) + SIZEOF (.data))
                0x0000000000003fa4                _image_size = (_image_end - _image_start)
OUTPUT(Project3.axf elf32-littlearm)

.debug_info     0x0000000000000000     0xfea7
 .debug_info    0x0000000000000000     0x161c ./utilities/fsl_debug_console.o
 .debug_info    0x000000000000161c      0x49b ./startup/startup_mkl25z4.o
 .debug_info    0x0000000000001ab7     0x19a7 ./source/Project3.o
 .debug_info    0x000000000000345e       0x52 ./source/mtb.o
 .debug_info    0x00000000000034b0       0x3b ./source/semihost_hardfault.o
 .debug_info    0x00000000000034eb     0x14d9 ./drivers/fsl_adc16.o
 .debug_info    0x00000000000049c4     0x225e ./drivers/fsl_clock.o
 .debug_info    0x0000000000006c22      0xc3e ./drivers/fsl_common.o
 .debug_info    0x0000000000007860     0x185f ./drivers/fsl_dma.o
 .debug_info    0x00000000000090bf     0x1dd2 ./drivers/fsl_lpsci.o
 .debug_info    0x000000000000ae91     0x1d58 ./drivers/fsl_uart.o
 .debug_info    0x000000000000cbe9      0xea0 ./board/board.o
 .debug_info    0x000000000000da89     0x1285 ./board/clock_config.o
 .debug_info    0x000000000000ed0e       0x3b ./board/peripherals.o
 .debug_info    0x000000000000ed49      0xd74 ./board/pin_mux.o
 .debug_info    0x000000000000fabd      0x3ea ./CMSIS/system_MKL25Z4.o

.debug_abbrev   0x0000000000000000     0x252a
 .debug_abbrev  0x0000000000000000      0x335 ./utilities/fsl_debug_console.o
 .debug_abbrev  0x0000000000000335      0x16d ./startup/startup_mkl25z4.o
 .debug_abbrev  0x00000000000004a2      0x2ff ./source/Project3.o
 .debug_abbrev  0x00000000000007a1       0x44 ./source/mtb.o
 .debug_abbrev  0x00000000000007e5       0x2f ./source/semihost_hardfault.o
 .debug_abbrev  0x0000000000000814      0x33c ./drivers/fsl_adc16.o
 .debug_abbrev  0x0000000000000b50      0x3df ./drivers/fsl_clock.o
 .debug_abbrev  0x0000000000000f2f      0x32e ./drivers/fsl_common.o
 .debug_abbrev  0x000000000000125d      0x340 ./drivers/fsl_dma.o
 .debug_abbrev  0x000000000000159d      0x375 ./drivers/fsl_lpsci.o
 .debug_abbrev  0x0000000000001912      0x38d ./drivers/fsl_uart.o
 .debug_abbrev  0x0000000000001c9f      0x228 ./board/board.o
 .debug_abbrev  0x0000000000001ec7      0x2b5 ./board/clock_config.o
 .debug_abbrev  0x000000000000217c       0x2f ./board/peripherals.o
 .debug_abbrev  0x00000000000021ab      0x269 ./board/pin_mux.o
 .debug_abbrev  0x0000000000002414      0x116 ./CMSIS/system_MKL25Z4.o

.debug_aranges  0x0000000000000000      0x928
 .debug_aranges
                0x0000000000000000       0x90 ./utilities/fsl_debug_console.o
 .debug_aranges
                0x0000000000000090      0x160 ./startup/startup_mkl25z4.o
 .debug_aranges
                0x00000000000001f0       0x50 ./source/Project3.o
 .debug_aranges
                0x0000000000000240       0x18 ./source/mtb.o
 .debug_aranges
                0x0000000000000258       0x20 ./source/semihost_hardfault.o
 .debug_aranges
                0x0000000000000278       0x88 ./drivers/fsl_adc16.o
 .debug_aranges
                0x0000000000000300      0x1d8 ./drivers/fsl_clock.o
 .debug_aranges
                0x00000000000004d8       0x38 ./drivers/fsl_common.o
 .debug_aranges
                0x0000000000000510       0xd0 ./drivers/fsl_dma.o
 .debug_aranges
                0x00000000000005e0      0x118 ./drivers/fsl_lpsci.o
 .debug_aranges
                0x00000000000006f8      0x130 ./drivers/fsl_uart.o
 .debug_aranges
                0x0000000000000828       0x28 ./board/board.o
 .debug_aranges
                0x0000000000000850       0x58 ./board/clock_config.o
 .debug_aranges
                0x00000000000008a8       0x20 ./board/peripherals.o
 .debug_aranges
                0x00000000000008c8       0x38 ./board/pin_mux.o
 .debug_aranges
                0x0000000000000900       0x28 ./CMSIS/system_MKL25Z4.o

.debug_ranges   0x0000000000000000      0x820
 .debug_ranges  0x0000000000000000       0x80 ./utilities/fsl_debug_console.o
 .debug_ranges  0x0000000000000080      0x150 ./startup/startup_mkl25z4.o
 .debug_ranges  0x00000000000001d0       0x40 ./source/Project3.o
 .debug_ranges  0x0000000000000210       0x10 ./source/semihost_hardfault.o
 .debug_ranges  0x0000000000000220       0x78 ./drivers/fsl_adc16.o
 .debug_ranges  0x0000000000000298      0x1c8 ./drivers/fsl_clock.o
 .debug_ranges  0x0000000000000460       0x28 ./drivers/fsl_common.o
 .debug_ranges  0x0000000000000488       0xc0 ./drivers/fsl_dma.o
 .debug_ranges  0x0000000000000548      0x108 ./drivers/fsl_lpsci.o
 .debug_ranges  0x0000000000000650      0x120 ./drivers/fsl_uart.o
 .debug_ranges  0x0000000000000770       0x18 ./board/board.o
 .debug_ranges  0x0000000000000788       0x48 ./board/clock_config.o
 .debug_ranges  0x00000000000007d0       0x10 ./board/peripherals.o
 .debug_ranges  0x00000000000007e0       0x28 ./board/pin_mux.o
 .debug_ranges  0x0000000000000808       0x18 ./CMSIS/system_MKL25Z4.o

.debug_macro    0x0000000000000000     0xa676
 .debug_macro   0x0000000000000000      0x221 ./utilities/fsl_debug_console.o
 .debug_macro   0x0000000000000221      0xa72 ./utilities/fsl_debug_console.o
 .debug_macro   0x0000000000000c93       0x58 ./utilities/fsl_debug_console.o
 .debug_macro   0x0000000000000ceb       0x18 ./utilities/fsl_debug_console.o
 .debug_macro   0x0000000000000d03       0x22 ./utilities/fsl_debug_console.o
 .debug_macro   0x0000000000000d25       0x58 ./utilities/fsl_debug_console.o
 .debug_macro   0x0000000000000d7d       0x94 ./utilities/fsl_debug_console.o
 .debug_macro   0x0000000000000e11       0x35 ./utilities/fsl_debug_console.o
 .debug_macro   0x0000000000000e46       0x34 ./utilities/fsl_debug_console.o
 .debug_macro   0x0000000000000e7a       0x16 ./utilities/fsl_debug_console.o
 .debug_macro   0x0000000000000e90      0x10e ./utilities/fsl_debug_console.o
 .debug_macro   0x0000000000000f9e       0x8d ./utilities/fsl_debug_console.o
 .debug_macro   0x000000000000102b       0x57 ./utilities/fsl_debug_console.o
 .debug_macro   0x0000000000001082       0x58 ./utilities/fsl_debug_console.o
 .debug_macro   0x00000000000010da       0x1f ./utilities/fsl_debug_console.o
 .debug_macro   0x00000000000010f9       0x43 ./utilities/fsl_debug_console.o
 .debug_macro   0x000000000000113c       0x20 ./utilities/fsl_debug_console.o
 .debug_macro   0x000000000000115c      0x18e ./utilities/fsl_debug_console.o
 .debug_macro   0x00000000000012ea      0x330 ./utilities/fsl_debug_console.o
 .debug_macro   0x000000000000161a       0x16 ./utilities/fsl_debug_console.o
 .debug_macro   0x0000000000001630       0x29 ./utilities/fsl_debug_console.o
 .debug_macro   0x0000000000001659      0x1e1 ./utilities/fsl_debug_console.o
 .debug_macro   0x000000000000183a       0x1c ./utilities/fsl_debug_console.o
 .debug_macro   0x0000000000001856       0x22 ./utilities/fsl_debug_console.o
 .debug_macro   0x0000000000001878       0xef ./utilities/fsl_debug_console.o
 .debug_macro   0x0000000000001967       0x6a ./utilities/fsl_debug_console.o
 .debug_macro   0x00000000000019d1      0x1df ./utilities/fsl_debug_console.o
 .debug_macro   0x0000000000001bb0       0x16 ./utilities/fsl_debug_console.o
 .debug_macro   0x0000000000001bc6       0x35 ./utilities/fsl_debug_console.o
 .debug_macro   0x0000000000001bfb       0x10 ./utilities/fsl_debug_console.o
 .debug_macro   0x0000000000001c0b       0x3f ./utilities/fsl_debug_console.o
 .debug_macro   0x0000000000001c4a       0x3a ./utilities/fsl_debug_console.o
 .debug_macro   0x0000000000001c84       0x26 ./utilities/fsl_debug_console.o
 .debug_macro   0x0000000000001caa      0x329 ./utilities/fsl_debug_console.o
 .debug_macro   0x0000000000001fd3       0x30 ./utilities/fsl_debug_console.o
 .debug_macro   0x0000000000002003     0x51e2 ./utilities/fsl_debug_console.o
 .debug_macro   0x00000000000071e5     0x1352 ./utilities/fsl_debug_console.o
 .debug_macro   0x0000000000008537       0x3a ./utilities/fsl_debug_console.o
 .debug_macro   0x0000000000008571       0xf4 ./utilities/fsl_debug_console.o
 .debug_macro   0x0000000000008665       0x35 ./utilities/fsl_debug_console.o
 .debug_macro   0x000000000000869a       0x2e ./utilities/fsl_debug_console.o
 .debug_macro   0x00000000000086c8       0x10 ./utilities/fsl_debug_console.o
 .debug_macro   0x00000000000086d8       0x10 ./utilities/fsl_debug_console.o
 .debug_macro   0x00000000000086e8       0x29 ./startup/startup_mkl25z4.o
 .debug_macro   0x0000000000008711      0x2f8 ./source/Project3.o
 .debug_macro   0x0000000000008a09       0x16 ./source/Project3.o
 .debug_macro   0x0000000000008a1f       0x97 ./source/Project3.o
 .debug_macro   0x0000000000008ab6       0xfd ./source/Project3.o
 .debug_macro   0x0000000000008bb3       0x10 ./source/Project3.o
 .debug_macro   0x0000000000008bc3       0x10 ./source/Project3.o
 .debug_macro   0x0000000000008bd3       0x1c ./source/Project3.o
 .debug_macro   0x0000000000008bef       0x52 ./source/Project3.o
 .debug_macro   0x0000000000008c41       0x40 ./source/Project3.o
 .debug_macro   0x0000000000008c81       0x10 ./source/Project3.o
 .debug_macro   0x0000000000008c91       0x40 ./source/Project3.o
 .debug_macro   0x0000000000008cd1       0xd7 ./source/Project3.o
 .debug_macro   0x0000000000008da8       0x1c ./source/Project3.o
 .debug_macro   0x0000000000008dc4       0x3d ./source/Project3.o
 .debug_macro   0x0000000000008e01       0x16 ./source/Project3.o
 .debug_macro   0x0000000000008e17      0x16f ./source/Project3.o
 .debug_macro   0x0000000000008f86       0x16 ./source/Project3.o
 .debug_macro   0x0000000000008f9c       0x10 ./source/Project3.o
 .debug_macro   0x0000000000008fac      0x112 ./source/Project3.o
 .debug_macro   0x00000000000090be       0x34 ./source/Project3.o
 .debug_macro   0x00000000000090f2       0x10 ./source/Project3.o
 .debug_macro   0x0000000000009102       0x10 ./source/Project3.o
 .debug_macro   0x0000000000009112       0x2f ./source/mtb.o
 .debug_macro   0x0000000000009141       0x82 ./source/mtb.o
 .debug_macro   0x00000000000091c3       0x10 ./source/mtb.o
 .debug_macro   0x00000000000091d3       0x11 ./source/semihost_hardfault.o
 .debug_macro   0x00000000000091e4      0x1c0 ./drivers/fsl_adc16.o
 .debug_macro   0x00000000000093a4      0x174 ./drivers/fsl_adc16.o
 .debug_macro   0x0000000000009518       0x10 ./drivers/fsl_adc16.o
 .debug_macro   0x0000000000009528      0x26a ./drivers/fsl_clock.o
 .debug_macro   0x0000000000009792      0x1c3 ./drivers/fsl_common.o
 .debug_macro   0x0000000000009955      0x1c0 ./drivers/fsl_dma.o
 .debug_macro   0x0000000000009b15      0x1c0 ./drivers/fsl_lpsci.o
 .debug_macro   0x0000000000009cd5      0x1c6 ./drivers/fsl_uart.o
 .debug_macro   0x0000000000009e9b      0x1e6 ./board/board.o
 .debug_macro   0x000000000000a081       0x8e ./board/board.o
 .debug_macro   0x000000000000a10f       0x51 ./board/board.o
 .debug_macro   0x000000000000a160       0x5e ./board/board.o
 .debug_macro   0x000000000000a1be      0x1f7 ./board/clock_config.o
 .debug_macro   0x000000000000a3b5       0x1b ./board/peripherals.o
 .debug_macro   0x000000000000a3d0      0x1db ./board/pin_mux.o
 .debug_macro   0x000000000000a5ab       0x10 ./board/pin_mux.o
 .debug_macro   0x000000000000a5bb       0xbb ./CMSIS/system_MKL25Z4.o

.debug_line     0x0000000000000000     0x5582
 .debug_line    0x0000000000000000      0x919 ./utilities/fsl_debug_console.o
 .debug_line    0x0000000000000919      0x128 ./startup/startup_mkl25z4.o
 .debug_line    0x0000000000000a41      0x6a9 ./source/Project3.o
 .debug_line    0x00000000000010ea       0xda ./source/mtb.o
 .debug_line    0x00000000000011c4       0x54 ./source/semihost_hardfault.o
 .debug_line    0x0000000000001218      0x606 ./drivers/fsl_adc16.o
 .debug_line    0x000000000000181e      0xbd1 ./drivers/fsl_clock.o
 .debug_line    0x00000000000023ef      0x4e5 ./drivers/fsl_common.o
 .debug_line    0x00000000000028d4      0x733 ./drivers/fsl_dma.o
 .debug_line    0x0000000000003007      0x980 ./drivers/fsl_lpsci.o
 .debug_line    0x0000000000003987      0x983 ./drivers/fsl_uart.o
 .debug_line    0x000000000000430a      0x4b0 ./board/board.o
 .debug_line    0x00000000000047ba      0x511 ./board/clock_config.o
 .debug_line    0x0000000000004ccb       0x58 ./board/peripherals.o
 .debug_line    0x0000000000004d23      0x4ac ./board/pin_mux.o
 .debug_line    0x00000000000051cf      0x3b3 ./CMSIS/system_MKL25Z4.o

.debug_str      0x0000000000000000    0x3a7f2
 .debug_str     0x0000000000000000    0x33d25 ./utilities/fsl_debug_console.o
                                      0x34253 (size before relaxing)
 .debug_str     0x0000000000033d25      0x3e1 ./startup/startup_mkl25z4.o
                                       0x3106 (size before relaxing)
 .debug_str     0x0000000000034106     0x2a1e ./source/Project3.o
                                      0x363a8 (size before relaxing)
 .debug_str     0x0000000000036b24      0x532 ./source/mtb.o
                                       0x3212 (size before relaxing)
 .debug_str     0x0000000000037056       0x1f ./source/semihost_hardfault.o
                                       0x2cff (size before relaxing)
 .debug_str     0x0000000000037075      0x5c0 ./drivers/fsl_adc16.o
                                      0x33b68 (size before relaxing)
 .debug_str     0x0000000000037635     0x1339 ./drivers/fsl_clock.o
                                      0x348cb (size before relaxing)
 .debug_str     0x000000000003896e      0x142 ./drivers/fsl_common.o
                                      0x32e94 (size before relaxing)
 .debug_str     0x0000000000038ab0      0x62f ./drivers/fsl_dma.o
                                      0x33b8e (size before relaxing)
 .debug_str     0x00000000000390df      0x93c ./drivers/fsl_lpsci.o
                                      0x33ed3 (size before relaxing)
 .debug_str     0x0000000000039a1b      0x832 ./drivers/fsl_uart.o
                                      0x33ef6 (size before relaxing)
 .debug_str     0x000000000003a24d       0x4c ./board/board.o
                                      0x339f2 (size before relaxing)
 .debug_str     0x000000000003a299      0x300 ./board/clock_config.o
                                      0x337db (size before relaxing)
 .debug_str     0x000000000003a599       0x31 ./board/peripherals.o
                                       0x2d10 (size before relaxing)
 .debug_str     0x000000000003a5ca      0x1e1 ./board/pin_mux.o
                                      0x32f3e (size before relaxing)
 .debug_str     0x000000000003a7ab       0x47 ./CMSIS/system_MKL25Z4.o
                                      0x2f3a0 (size before relaxing)

.comment        0x0000000000000000       0x7f
 .comment       0x0000000000000000       0x7f ./utilities/fsl_debug_console.o
                                         0x80 (size before relaxing)
 .comment       0x000000000000007f       0x80 ./startup/startup_mkl25z4.o
 .comment       0x000000000000007f       0x80 ./source/Project3.o
 .comment       0x000000000000007f       0x80 ./source/mtb.o
 .comment       0x000000000000007f       0x80 ./source/semihost_hardfault.o
 .comment       0x000000000000007f       0x80 ./drivers/fsl_adc16.o
 .comment       0x000000000000007f       0x80 ./drivers/fsl_clock.o
 .comment       0x000000000000007f       0x80 ./drivers/fsl_common.o
 .comment       0x000000000000007f       0x80 ./drivers/fsl_dma.o
 .comment       0x000000000000007f       0x80 ./drivers/fsl_lpsci.o
 .comment       0x000000000000007f       0x80 ./drivers/fsl_uart.o
 .comment       0x000000000000007f       0x80 ./board/board.o
 .comment       0x000000000000007f       0x80 ./board/clock_config.o
 .comment       0x000000000000007f       0x80 ./board/peripherals.o
 .comment       0x000000000000007f       0x80 ./board/pin_mux.o
 .comment       0x000000000000007f       0x80 ./CMSIS/system_MKL25Z4.o
 .comment       0x000000000000007f       0x80 /usr/local/mcuxpressoide-10.3.0_2200/ide/plugins/com.nxp.mcuxpresso.tools.linux_10.3.0.201811011841/tools/bin/../lib/gcc/arm-none-eabi/7.3.1/../../../../arm-none-eabi/lib/thumb/v6-m/libcr_c.a(powf.o)
 .comment       0x000000000000007f       0x80 /usr/local/mcuxpressoide-10.3.0_2200/ide/plugins/com.nxp.mcuxpresso.tools.linux_10.3.0.201811011841/tools/bin/../lib/gcc/arm-none-eabi/7.3.1/../../../../arm-none-eabi/lib/thumb/v6-m/libcr_c.a(errno.o)
 .comment       0x000000000000007f       0x80 /usr/local/mcuxpressoide-10.3.0_2200/ide/plugins/com.nxp.mcuxpresso.tools.linux_10.3.0.201811011841/tools/bin/../lib/gcc/arm-none-eabi/7.3.1/../../../../arm-none-eabi/lib/thumb/v6-m/libcr_c.a(strlen.o)
 .comment       0x000000000000007f       0x80 /usr/local/mcuxpressoide-10.3.0_2200/ide/plugins/com.nxp.mcuxpresso.tools.linux_10.3.0.201811011841/tools/bin/../lib/gcc/arm-none-eabi/7.3.1/../../../../arm-none-eabi/lib/thumb/v6-m/libcr_c.a(frexpf.o)
 .comment       0x000000000000007f       0x80 /usr/local/mcuxpressoide-10.3.0_2200/ide/plugins/com.nxp.mcuxpresso.tools.linux_10.3.0.201811011841/tools/bin/../lib/gcc/arm-none-eabi/7.3.1/../../../../arm-none-eabi/lib/thumb/v6-m/libcr_c.a(ldexpf.o)
 .comment       0x000000000000007f       0x80 /usr/local/mcuxpressoide-10.3.0_2200/ide/plugins/com.nxp.mcuxpresso.tools.linux_10.3.0.201811011841/tools/bin/../lib/gcc/arm-none-eabi/7.3.1/thumb/v6-m/libcr_eabihelpers.a(double.o)
 .comment       0x000000000000007f       0x80 /usr/local/mcuxpressoide-10.3.0_2200/ide/plugins/com.nxp.mcuxpresso.tools.linux_10.3.0.201811011841/tools/bin/../lib/gcc/arm-none-eabi/7.3.1/thumb/v6-m/libcr_eabihelpers.a(float.o)

.ARM.attributes
                0x0000000000000000       0x30
 .ARM.attributes
                0x0000000000000000       0x32 ./utilities/fsl_debug_console.o
 .ARM.attributes
                0x0000000000000032       0x32 ./startup/startup_mkl25z4.o
 .ARM.attributes
                0x0000000000000064       0x32 ./source/Project3.o
 .ARM.attributes
                0x0000000000000096       0x32 ./source/mtb.o
 .ARM.attributes
                0x00000000000000c8       0x32 ./source/semihost_hardfault.o
 .ARM.attributes
                0x00000000000000fa       0x32 ./drivers/fsl_adc16.o
 .ARM.attributes
                0x000000000000012c       0x32 ./drivers/fsl_clock.o
 .ARM.attributes
                0x000000000000015e       0x32 ./drivers/fsl_common.o
 .ARM.attributes
                0x0000000000000190       0x32 ./drivers/fsl_dma.o
 .ARM.attributes
                0x00000000000001c2       0x32 ./drivers/fsl_lpsci.o
 .ARM.attributes
                0x00000000000001f4       0x32 ./drivers/fsl_uart.o
 .ARM.attributes
                0x0000000000000226       0x32 ./board/board.o
 .ARM.attributes
                0x0000000000000258       0x32 ./board/clock_config.o
 .ARM.attributes
                0x000000000000028a       0x32 ./board/peripherals.o
 .ARM.attributes
                0x00000000000002bc       0x32 ./board/pin_mux.o
 .ARM.attributes
                0x00000000000002ee       0x32 ./CMSIS/system_MKL25Z4.o
 .ARM.attributes
                0x0000000000000320       0x31 /usr/local/mcuxpressoide-10.3.0_2200/ide/plugins/com.nxp.mcuxpresso.tools.linux_10.3.0.201811011841/tools/bin/../lib/gcc/arm-none-eabi/7.3.1/../../../../arm-none-eabi/lib/thumb/v6-m/libcr_c.a(powf.o)
 .ARM.attributes
                0x0000000000000351       0x31 /usr/local/mcuxpressoide-10.3.0_2200/ide/plugins/com.nxp.mcuxpresso.tools.linux_10.3.0.201811011841/tools/bin/../lib/gcc/arm-none-eabi/7.3.1/../../../../arm-none-eabi/lib/thumb/v6-m/libcr_c.a(errno.o)
 .ARM.attributes
                0x0000000000000382       0x31 /usr/local/mcuxpressoide-10.3.0_2200/ide/plugins/com.nxp.mcuxpresso.tools.linux_10.3.0.201811011841/tools/bin/../lib/gcc/arm-none-eabi/7.3.1/../../../../arm-none-eabi/lib/thumb/v6-m/libcr_c.a(strlen.o)
 .ARM.attributes
                0x00000000000003b3       0x31 /usr/local/mcuxpressoide-10.3.0_2200/ide/plugins/com.nxp.mcuxpresso.tools.linux_10.3.0.201811011841/tools/bin/../lib/gcc/arm-none-eabi/7.3.1/../../../../arm-none-eabi/lib/thumb/v6-m/libcr_c.a(frexpf.o)
 .ARM.attributes
                0x00000000000003e4       0x31 /usr/local/mcuxpressoide-10.3.0_2200/ide/plugins/com.nxp.mcuxpresso.tools.linux_10.3.0.201811011841/tools/bin/../lib/gcc/arm-none-eabi/7.3.1/../../../../arm-none-eabi/lib/thumb/v6-m/libcr_c.a(ldexpf.o)
 .ARM.attributes
                0x0000000000000415       0x21 /usr/local/mcuxpressoide-10.3.0_2200/ide/plugins/com.nxp.mcuxpresso.tools.linux_10.3.0.201811011841/tools/bin/../lib/gcc/arm-none-eabi/7.3.1/thumb/v6-m/libcr_eabihelpers.a(division_32.o)
 .ARM.attributes
                0x0000000000000436       0x21 /usr/local/mcuxpressoide-10.3.0_2200/ide/plugins/com.nxp.mcuxpresso.tools.linux_10.3.0.201811011841/tools/bin/../lib/gcc/arm-none-eabi/7.3.1/thumb/v6-m/libcr_eabihelpers.a(division_idiv0.o)
 .ARM.attributes
                0x0000000000000457       0x31 /usr/local/mcuxpressoide-10.3.0_2200/ide/plugins/com.nxp.mcuxpresso.tools.linux_10.3.0.201811011841/tools/bin/../lib/gcc/arm-none-eabi/7.3.1/thumb/v6-m/libcr_eabihelpers.a(double.o)
 .ARM.attributes
                0x0000000000000488       0x31 /usr/local/mcuxpressoide-10.3.0_2200/ide/plugins/com.nxp.mcuxpresso.tools.linux_10.3.0.201811011841/tools/bin/../lib/gcc/arm-none-eabi/7.3.1/thumb/v6-m/libcr_eabihelpers.a(float.o)
 .ARM.attributes
                0x00000000000004b9       0x21 /usr/local/mcuxpressoide-10.3.0_2200/ide/plugins/com.nxp.mcuxpresso.tools.linux_10.3.0.201811011841/tools/bin/../lib/gcc/arm-none-eabi/7.3.1/thumb/v6-m/libcr_eabihelpers.a(llong.o)

.debug_frame    0x0000000000000000     0x1d9c
 .debug_frame   0x0000000000000000      0x1f0 ./utilities/fsl_debug_console.o
 .debug_frame   0x00000000000001f0      0x3b0 ./startup/startup_mkl25z4.o
 .debug_frame   0x00000000000005a0       0xe8 ./source/Project3.o
 .debug_frame   0x0000000000000688       0x20 ./source/semihost_hardfault.o
 .debug_frame   0x00000000000006a8      0x1d0 ./drivers/fsl_adc16.o
 .debug_frame   0x0000000000000878      0x6e4 ./drivers/fsl_clock.o
 .debug_frame   0x0000000000000f5c       0x90 ./drivers/fsl_common.o
 .debug_frame   0x0000000000000fec      0x2e0 ./drivers/fsl_dma.o
 .debug_frame   0x00000000000012cc      0x418 ./drivers/fsl_lpsci.o
 .debug_frame   0x00000000000016e4      0x468 ./drivers/fsl_uart.o
 .debug_frame   0x0000000000001b4c       0x50 ./board/board.o
 .debug_frame   0x0000000000001b9c      0x100 ./board/clock_config.o
 .debug_frame   0x0000000000001c9c       0x2c ./board/peripherals.o
 .debug_frame   0x0000000000001cc8       0x88 ./board/pin_mux.o
 .debug_frame   0x0000000000001d50       0x4c ./CMSIS/system_MKL25Z4.o
